2024-08-09 19:20:52,177 - __main__ - INFO - test
2024-08-09 19:21:03,373 - __main__ - INFO - test
